2026-08-21 07:57:24,619 [INFO] 🚀 Lancement du bot
2026-08-21 07:57:24,620 [INFO]    URL: https://top-serveurs.net/ark/vote/1ngames
2026-08-21 07:57:24,620 [INFO]    Pseudo: Holybruiser
2026-08-21 07:57:27,400 [INFO] 
============================================================
2026-08-21 07:57:27,402 [INFO] CYCLE 1 - 2026-08-21 07:57:27
2026-08-21 07:57:27,402 [INFO] ============================================================
2026-08-21 07:57:27,403 [INFO] 🌐 Navigation vers: https://top-serveurs.net/ark/vote/1ngames
2026-08-21 07:57:30,125 [ERROR] ❌ Erreur: Page.goto: Target page, context or browser has been closed
Call log:
navigating to "https://top-serveurs.net/ark/vote/1ngames", waiting until "networkidle"
Traceback (most recent call last):
  File "/Users/yannickhugues/Desktop/ark-vote-bot/main.py", line 146, in perform_vote
    await page.goto(TARGET_URL, wait_until="networkidle", timeout=60000)
  File "/Users/yannickhugues/Desktop/ark-vote-bot/venv/lib/python3.12/site-packages/playwright/async_api/_generated.py", line 8657, in goto
    await self._impl_obj.goto(
  File "/Users/yannickhugues/Desktop/ark-vote-bot/venv/lib/python3.12/site-packages/playwright/_impl/_page.py", line 519, in goto
    return await self._main_frame.goto(**locals_to_params(locals()))
           ^^^^^^^^^^^^^^^^^^^^^^^^^^^^^^^^^^^^^^^^^^^^^^^^^^^^^^^^^
  File "/Users/yannickhugues/Desktop/ark-vote-bot/venv/lib/python3.12/site-packages/playwright/_impl/_frame.py", line 145, in goto
    await self._channel.send("goto", locals_to_params(locals()))
  File "/Users/yannickhugues/Desktop/ark-vote-bot/venv/lib/python3.12/site-packages/playwright/_impl/_connection.py", line 59, in send
    return await self._connection.wrap_api_call(
           ^^^^^^^^^^^^^^^^^^^^^^^^^^^^^^^^^^^^^
  File "/Users/yannickhugues/Desktop/ark-vote-bot/venv/lib/python3.12/site-packages/playwright/_impl/_connection.py", line 514, in wrap_api_call
    raise rewrite_error(error, f"{parsed_st['apiName']}: {error}") from None
playwright._impl._errors.TargetClosedError: Page.goto: Target page, context or browser has been closed
Call log:
navigating to "https://top-serveurs.net/ark/vote/1ngames", waiting until "networkidle"

2026-08-21 07:57:30,141 [INFO] Résultat: ❌ ÉCHEC
2026-08-21 07:57:30,141 [INFO] Attente: 0m 5s
2026-08-21 07:57:33,440 [INFO] 
⛔ Arrêt
